// Jest Snapshot v1, https://goo.gl/fbAQLP

exports[`AccountsView should render header without items on the accounts balance table 1`] = `
<div>
  <header-container-stub
    title="Accounts"
  >
    <div>
      Home / 
      <span
        class="tw-body-strong"
      >
        Accounts
      </span>
    </div>
  </header-container-stub>
   
  <accounts-balance-table-stub
    items=""
  />
</div>
`;
